2026-08-01 17:46:46,429 - INFO - Collision prediction started.
2026-08-01 17:46:46,849 - INFO - CALSPHERE 1 - CALSPHERE 2 | Distance: 3489.55 km | Status: Safe
2026-08-01 17:46:46,864 - INFO - CALSPHERE 1 - CALSPHERE 2 | Distance: 3453.15 km | Status: Safe
2026-08-01 17:46:46,879 - INFO - CALSPHERE 1 - CALSPHERE 2 | Distance: 3414.67 km | Status: Safe
2026-08-01 17:46:46,894 - INFO - CALSPHERE 1 - LCS 1 | Distance: 2313.84 km | Status: Safe
2026-08-01 17:46:46,906 - INFO - CALSPHERE 1 - LCS 1 | Distance: 3728.22 km | Status: Safe
2026-08-01 17:46:46,919 - INFO - CALSPHERE 1 - LCS 1 | Distance: 5441.24 km | Status: Safe
2026-08-01 17:46:46,933 - INFO - CALSPHERE 1 - TEMPSAT 1 | Distance: 14014.74 km | Status: Safe
2026-08-01 17:46:46,946 - INFO - CALSPHERE 1 - TEMPSAT 1 | Distance: 13913.79 km | Status: Safe
2026-08-01 17:46:46,956 - INFO - CALSPHERE 1 - TEMPSAT 1 | Distance: 12635.89 km | Status: Safe
2026-08-01 17:46:46,967 - INFO - CALSPHERE 1 - CALSPHERE 4A | Distance: 6589.34 km | Status: Safe
2026-08-01 17:46:46,978 - INFO - CALSPHERE 1 - CALSPHERE 4A | Distance: 6293.22 km | Status: Safe
2026-08-01 17:46:46,988 - INFO - CALSPHERE 1 - CALSPHERE 4A | Distance: 5537.57 km | Status: Safe
2026-08-01 17:46:46,999 - INFO - CALSPHERE 2 - LCS 1 | Distance: 5575.88 km | Status: Safe
2026-08-01 17:46:47,009 - INFO - CALSPHERE 2 - LCS 1 | Distance: 6928.16 km | Status: Safe
2026-08-01 17:46:47,017 - INFO - CALSPHERE 2 - LCS 1 | Distance: 8352.6 km | Status: Safe
2026-08-01 17:46:47,029 - INFO - CALSPHERE 2 - TEMPSAT 1 | Distance: 14137.84 km | Status: Safe
2026-08-01 17:46:47,039 - INFO - CALSPHERE 2 - TEMPSAT 1 | Distance: 13129.04 km | Status: Safe
2026-08-01 17:46:47,049 - INFO - CALSPHERE 2 - TEMPSAT 1 | Distance: 11081.3 km | Status: Safe
2026-08-01 17:46:47,060 - INFO - CALSPHERE 2 - CALSPHERE 4A | Distance: 7759.72 km | Status: Safe
2026-08-01 17:46:47,069 - INFO - CALSPHERE 2 - CALSPHERE 4A | Distance: 7297.73 km | Status: Safe
2026-08-01 17:46:47,079 - INFO - CALSPHERE 2 - CALSPHERE 4A | Distance: 6632.96 km | Status: Safe
2026-08-01 17:46:47,090 - INFO - LCS 1 - TEMPSAT 1 | Distance: 15447.67 km | Status: Safe
2026-08-01 17:46:47,098 - INFO - LCS 1 - TEMPSAT 1 | Distance: 15187.28 km | Status: Safe
2026-08-01 17:46:47,109 - INFO - LCS 1 - TEMPSAT 1 | Distance: 14168.22 km | Status: Safe
2026-08-01 17:46:47,119 - INFO - LCS 1 - CALSPHERE 4A | Distance: 7257.73 km | Status: Safe
2026-08-01 17:46:47,128 - INFO - LCS 1 - CALSPHERE 4A | Distance: 5743.18 km | Status: Safe
2026-08-01 17:46:47,137 - INFO - LCS 1 - CALSPHERE 4A | Distance: 4461.35 km | Status: Safe
2026-08-01 17:46:47,147 - INFO - TEMPSAT 1 - CALSPHERE 4A | Distance: 10345.93 km | Status: Safe
2026-08-01 17:46:47,156 - INFO - TEMPSAT 1 - CALSPHERE 4A | Distance: 10803.77 km | Status: Safe
2026-08-01 17:46:47,164 - INFO - TEMPSAT 1 - CALSPHERE 4A | Distance: 10372.67 km | Status: Safe
2026-08-01 17:46:47,165 - INFO - Collision prediction completed successfully.
2026-08-01 18:10:09,972 - INFO - Collision prediction started.
2026-08-01 18:10:10,332 - INFO - CALSPHERE 1 - CALSPHERE 2 | Distance: 3322.92 km | Status: Safe
2026-08-01 18:10:10,348 - INFO - CALSPHERE 1 - CALSPHERE 2 | Distance: 3294.73 km | Status: Safe
2026-08-01 18:10:10,360 - INFO - CALSPHERE 1 - CALSPHERE 2 | Distance: 3266.28 km | Status: Safe
2026-08-01 18:10:10,371 - INFO - CALSPHERE 1 - LCS 1 | Distance: 8869.54 km | Status: Safe
2026-08-01 18:10:10,388 - INFO - CALSPHERE 1 - LCS 1 | Distance: 9418.95 km | Status: Safe
2026-08-01 18:10:10,399 - INFO - CALSPHERE 1 - LCS 1 | Distance: 9544.25 km | Status: Safe
2026-08-01 18:10:10,411 - INFO - CALSPHERE 1 - TEMPSAT 1 | Distance: 4689.66 km | Status: Safe
2026-08-01 18:10:10,420 - INFO - CALSPHERE 1 - TEMPSAT 1 | Distance: 1856.08 km | Status: Safe
2026-08-01 18:10:10,432 - INFO - CALSPHERE 1 - TEMPSAT 1 | Distance: 4262.47 km | Status: Safe
2026-08-01 18:10:10,441 - INFO - CALSPHERE 1 - CALSPHERE 4A | Distance: 2684.42 km | Status: Safe
2026-08-01 18:10:10,451 - INFO - CALSPHERE 1 - CALSPHERE 4A | Distance: 2748.86 km | Status: Safe
2026-08-01 18:10:10,460 - INFO - CALSPHERE 1 - CALSPHERE 4A | Distance: 3768.53 km | Status: Safe
2026-08-01 18:10:10,470 - INFO - CALSPHERE 2 - LCS 1 | Distance: 10999.25 km | Status: Safe
2026-08-01 18:10:10,480 - INFO - CALSPHERE 2 - LCS 1 | Distance: 11326.05 km | Status: Safe
2026-08-01 18:10:10,491 - INFO - CALSPHERE 2 - LCS 1 | Distance: 11306.92 km | Status: Safe
2026-08-01 18:10:10,501 - INFO - CALSPHERE 2 - TEMPSAT 1 | Distance: 3361.52 km | Status: Safe
2026-08-01 18:10:10,511 - INFO - CALSPHERE 2 - TEMPSAT 1 | Distance: 4220.93 km | Status: Safe
2026-08-01 18:10:10,520 - INFO - CALSPHERE 2 - TEMPSAT 1 | Distance: 7335.45 km | Status: Safe
2026-08-01 18:10:10,531 - INFO - CALSPHERE 2 - CALSPHERE 4A | Distance: 5569.69 km | Status: Safe
2026-08-01 18:10:10,540 - INFO - CALSPHERE 2 - CALSPHERE 4A | Distance: 5966.83 km | Status: Safe
2026-08-01 18:10:10,549 - INFO - CALSPHERE 2 - CALSPHERE 4A | Distance: 6657.83 km | Status: Safe
2026-08-01 18:10:10,559 - INFO - LCS 1 - TEMPSAT 1 | Distance: 9217.63 km | Status: Safe
2026-08-01 18:10:10,571 - INFO - LCS 1 - TEMPSAT 1 | Distance: 7855.48 km | Status: Safe
2026-08-01 18:10:10,584 - INFO - LCS 1 - TEMPSAT 1 | Distance: 7881.9 km | Status: Safe
2026-08-01 18:10:10,599 - INFO - LCS 1 - CALSPHERE 4A | Distance: 6344.55 km | Status: Safe
2026-08-01 18:10:10,623 - INFO - LCS 1 - CALSPHERE 4A | Distance: 8108.86 km | Status: Safe
2026-08-01 18:10:10,650 - INFO - LCS 1 - CALSPHERE 4A | Distance: 9701.03 km | Status: Safe
2026-08-01 18:10:10,681 - INFO - TEMPSAT 1 - CALSPHERE 4A | Distance: 5422.03 km | Status: Safe
2026-08-01 18:10:10,698 - INFO - TEMPSAT 1 - CALSPHERE 4A | Distance: 2838.91 km | Status: Safe
2026-08-01 18:10:10,709 - INFO - TEMPSAT 1 - CALSPHERE 4A | Distance: 1968.0 km | Status: Safe
2026-08-01 18:10:10,710 - INFO - Collision prediction completed successfully.
